Copyright 1986-2018 Xilinx, Inc. All Rights Reserved.
---------------------------------------------------------------------------------------------------------
| Tool Version : Vivado v.2018.3 (win64) Build 2405991 Thu Dec  6 23:38:27 MST 2018
| Date         : Fri Nov 15 17:24:12 2019
| Host         : DESKTOP-M9BES7L running 64-bit major release  (build 9200)
| Command      : report_utilization -file vgaTOP_utilization_placed.rpt -pb vgaTOP_utilization_placed.pb
| Design       : vgaTOP
| Device       : 7a100tcsg324-1
| Design State : Fully Placed
---------------------------------------------------------------------------------------------------------

Utilization Design Information

Table of Contents
-----------------
1. Slice Logic
1.1 Summary of Registers by Type
2. Slice Logic Distribution
3. Memory
4. DSP
5. IO and GT Specific
6. Clocking
7. Specific Feature
8. Primitives
9. Black Boxes
10. Instantiated Netlists

1. Slice Logic
--------------

+-------------------------+------+-------+-----------+-------+
|        Site Type        | Used | Fixed | Available | Util% |
+-------------------------+------+-------+-----------+-------+
| Slice LUTs              |  496 |     0 |     63400 |  0.78 |
|   LUT as Logic          |  496 |     0 |     63400 |  0.78 |
|   LUT as Memory         |    0 |     0 |     19000 |  0.00 |
| Slice Registers         |  520 |     0 |    126800 |  0.41 |
|   Register as Flip Flop |  520 |     0 |    126800 |  0.41 |
|   Register as Latch     |    0 |     0 |    126800 |  0.00 |
| F7 Muxes                |    3 |     0 |     31700 | <0.01 |
| F8 Muxes                |    0 |     0 |     15850 |  0.00 |
+-------------------------+------+-------+-----------+-------+


1.1 Summary of Registers by Type
--------------------------------

+-------+--------------+-------------+--------------+
| Total | Clock Enable | Synchronous | Asynchronous |
+-------+--------------+-------------+--------------+
| 0     |            _ |           - |            - |
| 0     |            _ |           - |          Set |
| 0     |            _ |           - |        Reset |
| 0     |            _ |         Set |            - |
| 0     |            _ |       Reset |            - |
| 0     |          Yes |           - |            - |
| 0     |          Yes |           - |          Set |
| 24    |          Yes |           - |        Reset |
| 25    |          Yes |         Set |            - |
| 471   |          Yes |       Reset |            - |
+-------+--------------+-------------+--------------+


2. Slice Logic Distribution
---------------------------

+--------------------------------------------+------+-------+-----------+-------+
|                  Site Type                 | Used | Fixed | Available | Util% |
+--------------------------------------------+------+-------+-----------+-------+
| Slice                                      |  254 |     0 |     15850 |  1.60 |
|   SLICEL                                   |  170 |     0 |           |       |
|   SLICEM                                   |   84 |     0 |           |       |
| LUT as Logic                               |  496 |     0 |     63400 |  0.78 |
|   using O5 output only                     |    1 |       |           |       |
|   using O6 output only                     |  411 |       |           |       |
|   using O5 and O6                          |   84 |       |           |       |
| LUT as Memory                              |    0 |     0 |     19000 |  0.00 |
|   LUT as Distributed RAM                   |    0 |     0 |           |       |
|   LUT as Shift Register                    |    0 |     0 |           |       |
| Slice Registers                            |  520 |     0 |    126800 |  0.41 |
|   Register driven from within the Slice    |  432 |       |           |       |
|   Register driven from outside the Slice   |   88 |       |           |       |
|     LUT in front of the register is unused |   60 |       |           |       |
|     LUT in front of the register is used   |   28 |       |           |       |
| Unique Control Sets                        |   24 |       |     15850 |  0.15 |
+--------------------------------------------+------+-------+-----------+-------+
* Note: Available Control Sets calculated as Slice Registers / 8, Review the Control Sets Report for more information regarding control sets.


3. Memory
---------

+-------------------+------+-------+-----------+-------+
|     Site Type     | Used | Fixed | Available | Util% |
+-------------------+------+-------+-----------+-------+
| Block RAM Tile    | 16.5 |     0 |       135 | 12.22 |
|   RAMB36/FIFO*    |   14 |     0 |       135 | 10.37 |
|     RAMB36E1 only |   14 |       |           |       |
|   RAMB18          |    5 |     0 |       270 |  1.85 |
|     RAMB18E1 only |    5 |       |           |       |
+-------------------+------+-------+-----------+-------+
* Note: Each Block RAM Tile only has one FIFO logic available and therefore can accommodate only one FIFO36E1 or one FIFO18E1. However, if a FIFO18E1 occupies a Block RAM Tile, that tile can still accommodate a RAMB18E1


4. DSP
------

+----------------+------+-------+-----------+-------+
|    Site Type   | Used | Fixed | Available | Util% |
+----------------+------+-------+-----------+-------+
| DSPs           |    1 |     0 |       240 |  0.42 |
|   DSP48E1 only |    1 |       |           |       |
+----------------+------+-------+-----------+-------+


5. IO and GT Specific
---------------------

+-----------------------------+------+-------+-----------+-------+
|          Site Type          | Used | Fixed | Available | Util% |
+-----------------------------+------+-------+-----------+-------+
| Bonded IOB                  |   32 |    32 |       210 | 15.24 |
|   IOB Master Pads           |   16 |       |           |       |
|   IOB Slave Pads            |   14 |       |           |       |
| Bonded IPADs                |    0 |     0 |         2 |  0.00 |
| PHY_CONTROL                 |    0 |     0 |         6 |  0.00 |
| PHASER_REF                  |    0 |     0 |         6 |  0.00 |
| OUT_FIFO                    |    0 |     0 |        24 |  0.00 |
| IN_FIFO                     |    0 |     0 |        24 |  0.00 |
| IDELAYCTRL                  |    0 |     0 |         6 |  0.00 |
| IBUFDS                      |    0 |     0 |       202 |  0.00 |
| PHASER_OUT/PHASER_OUT_PHY   |    0 |     0 |        24 |  0.00 |
| PHASER_IN/PHASER_IN_PHY     |    0 |     0 |        24 |  0.00 |
| IDELAYE2/IDELAYE2_FINEDELAY |    0 |     0 |       300 |  0.00 |
| ILOGIC                      |    0 |     0 |       210 |  0.00 |
| OLOGIC                      |    0 |     0 |       210 |  0.00 |
+-----------------------------+------+-------+-----------+-------+


6. Clocking
-----------

+------------+------+-------+-----------+-------+
|  Site Type | Used | Fixed | Available | Util% |
+------------+------+-------+-----------+-------+
| BUFGCTRL   |    1 |     0 |        32 |  3.13 |
| BUFIO      |    0 |     0 |        24 |  0.00 |
| MMCME2_ADV |    0 |     0 |         6 |  0.00 |
| PLLE2_ADV  |    0 |     0 |         6 |  0.00 |
| BUFMRCE    |    0 |     0 |        12 |  0.00 |
| BUFHCE     |    0 |     0 |        96 |  0.00 |
| BUFR       |    0 |     0 |        24 |  0.00 |
+------------+------+-------+-----------+-------+


7. Specific Feature
-------------------

+-------------+------+-------+-----------+-------+
|  Site Type  | Used | Fixed | Available | Util% |
+-------------+------+-------+-----------+-------+
| BSCANE2     |    0 |     0 |         4 |  0.00 |
| CAPTUREE2   |    0 |     0 |         1 |  0.00 |
| DNA_PORT    |    0 |     0 |         1 |  0.00 |
| EFUSE_USR   |    0 |     0 |         1 |  0.00 |
| FRAME_ECCE2 |    0 |     0 |         1 |  0.00 |
| ICAPE2      |    0 |     0 |         2 |  0.00 |
| PCIE_2_1    |    0 |     0 |         1 |  0.00 |
| STARTUPE2   |    0 |     0 |         1 |  0.00 |
| XADC        |    0 |     0 |         1 |  0.00 |
+-------------+------+-------+-----------+-------+


8. Primitives
-------------

+----------+------+---------------------+
| Ref Name | Used | Functional Category |
+----------+------+---------------------+
| FDRE     |  471 |        Flop & Latch |
| LUT2     |  195 |                 LUT |
| CARRY4   |  139 |          CarryLogic |
| LUT6     |  118 |                 LUT |
| LUT4     |  106 |                 LUT |
| LUT3     |   69 |                 LUT |
| LUT5     |   59 |                 LUT |
| LUT1     |   33 |                 LUT |
| OBUF     |   30 |                  IO |
| FDSE     |   25 |        Flop & Latch |
| FDCE     |   24 |        Flop & Latch |
| RAMB36E1 |   14 |        Block Memory |
| RAMB18E1 |    5 |        Block Memory |
| MUXF7    |    3 |               MuxFx |
| IBUF     |    2 |                  IO |
| DSP48E1  |    1 |    Block Arithmetic |
| BUFG     |    1 |               Clock |
+----------+------+---------------------+


9. Black Boxes
--------------

+----------+------+
| Ref Name | Used |
+----------+------+


10. Instantiated Netlists
-------------------------

+-----------------+------+
|     Ref Name    | Used |
+-----------------+------+
| imageFrame2Read |    1 |
| imageFrame2     |    1 |
| imageFrame1     |    1 |
+-----------------+------+


